// Jest Snapshot v1, https://goo.gl/fbAQLP

exports[`renders correctly 1`] = `
<div
  className="client-dropdown-list"
>
  <div
    className="client-dropdown-list__item"
    key="59a2afbbfc13ae278700044c"
  >
    Rochella
     
    Chipchase
     from 
    Egypt
  </div>
  <div
    className="client-dropdown-list__item"
    key="59a2afbbfc13ae278700044d"
  >
    Sophia
     
    Mayler
     from 
    Zimbabwe
  </div>
  <div
    className="client-dropdown-list__item"
    key="59a2afbbfc13ae278700044e"
  >
    Bartram
     
    Nassi
     from 
    Egypt
  </div>
</div>
`;
