// Jest Snapshot v1, https://goo.gl/fbAQLP

exports[`renders correctly 1`] = `
<div
  className="client-dropdown-list-item"
>
  <img
    alt="client"
    className="client-dropdown-list-item-photo"
    src="https://robohash.org/molestiaedoloremquesed.jpg?size=50x50&set=set1"
  />
  <span
    className="client-dropdown-list-item-text"
  >
    Rochella
     
    Chipchase
     from 
    Egypt
  </span>
</div>
`;
